<!doctype html><html itemscope="" itemtype="http://schema.org/WebPage"><head><meta content="Search the world's information, including webpages, images, videos and more. Google has many special features to help you find exactly what you're looking for." name="description"><meta content="noodp" name="robots"><meta itemprop="image" content="/images/google_favicon_128.png"><title>Google</title><script>(function(){